// Jest Snapshot v1, https://goo.gl/fbAQLP

exports[`Testar pagina web MitosPage 1`] = `
<div
  id="wrapper"
>
  <header>
    <div
      className="container "
    >
      <div
        className="row nomargin"
      >
        <div
          className="span12"
        >
          <div>
            <div
              className="headnav"
            >
              <ul>
                <li>
                  <a
                    href="/registro"
                    onClick={[Function]}
                  >
                    <i
                      className="icon-user"
                    />
                     Registrar
                  </a>
                </li>
                -                  
                <li>
                  <a
                    href="/login"
                    onClick={[Function]}
                  >
                    <i
                      className="icon-user"
                    />
                    Login
                  </a>
                </li>
              </ul>
            </div>
          </div>
        </div>
      </div>
      <div
        className="row"
      >
        <div
          className="span4"
        >
          <div
            className="logo"
          >
            <img
              alt=""
              className="logo"
              src="/assets/img/logo.png"
            />
            <h1
              className="logo h1"
            >
              Helpec - Help Epilepsia e Convulsão 
            </h1>
          </div>
        </div>
        <div
          className="span8"
        >
          <div
            className="navbar navbar-static-top"
          >
            <div
              className="navigation"
            >
              <nav>
                <ul
                  className="nav topnav"
                >
                  <li>
                    <a
                      href="/"
                      onClick={[Function]}
                    >
                      <i
                        className="fa fa-cog"
                      />
                      Home
                    </a>
                  </li>
                  <li>
                    <a
                      href="/quemsomos"
                      onClick={[Function]}
                    >
                      <i
                        className="fa fa-cog"
                      />
                      Quem somos
                    </a>
                  </li>
                  <li>
                    <a
                      href="/falandosobre"
                      onClick={[Function]}
                    >
                      <i
                        className="fa fa-cog"
                      />
                      Falando sobre
                    </a>
                  </li>
                  <li>
                    <a
                      href="/socorros"
                      onClick={[Function]}
                    >
                      <i
                        className="fa fa-cog"
                      />
                      Primeiros Socorros
                    </a>
                  </li>
                  <li
                    className="dropdown"
                  >
                    <a
                      href="#"
                    >
                      Saiba Mais
                      <i
                        className="icon-angle-down"
                      />
                    </a>
                    <ul
                      className="dropdown-menu"
                    >
                      <li>
                        <a
                          href="/saibamais"
                          onClick={[Function]}
                        >
                          <i
                            className="fa fa-cog"
                          />
                          Artigos
                        </a>
                      </li>
                      <li>
                        <a
                          href="/mitos"
                          onClick={[Function]}
                        >
                          <i
                            className="fa fa-cog"
                          />
                          Mitos e Verdades
                        </a>
                      </li>
                    </ul>
                  </li>
                  <li>
                    <a
                      href="/contato"
                      onClick={[Function]}
                    >
                      <i
                        className="fa fa-cog"
                      />
                      Contato
                    </a>
                  </li>
                </ul>
              </nav>
            </div>
          </div>
        </div>
      </div>
    </div>
  </header>
  <section
    id="inner-headline"
  >
    <div
      className="container"
    >
      <div
        className="row"
      >
        <div
          className="span4"
        >
          <div
            className="inner-heading"
          >
            <h2>
              Mitos e Verdades
            </h2>
          </div>
        </div>
      </div>
    </div>
  </section>
  <section
    id="content"
  >
    <div
      className="container"
    >
      <div
        className="row"
      >
        <div
          className="span12"
        >
          <h5
            className="pergunta"
          >
            A epilepsia é uma doença contagiosa?
          </h5>
          <p
            className="resposta"
          >
            <strong>
               Mito!
            </strong>
             A epilepsia é uma doença neurológica e não contagiosa. Portanto, a doença não é transmissível.
          </p>
          <br />
          <h5
            className="pergunta"
          >
            Durante uma crise convulsiva, deve-se segurar os braços e a língua da pessoa?
          </h5>
          <p
            className="resposta"
          >
            <strong>
               Mito!
            </strong>
             Durante uma crise o ideal é colocar o paciente deitado com a cabeça de lado para facilitar a saída de possíveis secreções e evitar a aspiração de vômito. A cabeça deverá ser apoiada sobre uma superfície confortável, como uma almofada ou um travesseiro. É importante não introduzir qualquer objeto na boca, não tentar interromper os movimentos dos membros.
          </p>
          <br />
          <h5
            className="pergunta"
          >
            Toda convulsão é epilepsia?
          </h5>
          <p
            className="resposta"
          >
            <strong>
               Mito!
            </strong>
             A crise convulsiva é uma crise epiléptica na qual existe abalo motor. Para considerar que uma pessoa tem epilepsia ela deverá ter repetição de suas crises epilépticas, portanto a pessoa poderá ter uma crise epiléptica (convulsiva ou não) e não ter o diagnóstico de epilepsia.
          </p>
          <br />
          <h5
            className="pergunta"
          >
            Epilepsia é uma doença mental?
          </h5>
          <p
            className="resposta"
          >
            <strong>
               Mito!
            </strong>
             Assim como dito no primeiro item, a epilepsia é uma doença neurológica e não mental.
          </p>
          <br />
          <h5
            className="pergunta"
          >
            O paciente com epilepsia não podem dirigir?
          </h5>
          <p
            className="resposta"
          >
            <strong>
               Mito!
            </strong>
              Segundo a Associação Brasileira de Educação de Trânsito, o paciente com epilepsia, que utiliza medicação antiepiléptica, poderá dirigir se estiver há um ano sem crise epiléptica – dado que deve ser apresentado através de um laudo médico. Caso o paciente esteja em retirada da medicação antiepiléptica, ele poderá dirigir se estiver há, no mínimo, dois anos sem crises epilépticas e ficar por mais seis meses sem medicação e sem crise. Já a direção de motos é proibida.
          </p>
          <br />
          <h5
            className="pergunta"
          >
            A epilepsia é uma doença contagiosa?
          </h5>
          <p
            className="resposta"
          >
            <strong>
               Mito!
            </strong>
             A epilepsia é uma doença neurológica e não contagiosa. Portanto, a doença não é transmissível.
          </p>
          <br />
        </div>
      </div>
      <div
        className="container"
      >
        <div
          className="row"
        >
          <div
            className="span12"
          >
            <div
              className="solidline"
            />
          </div>
        </div>
      </div>
      <div
        className="row"
      >
        <div
          className="span12"
        >
          <h5
            className="pergunta"
          >
            É possível manter a consciência durante uma crise de epilepsia?
          </h5>
          <p
            className="resposta"
          >
            <strong>
               Verdade!
            </strong>
             Sim, é possível. A manifestação clínica da crise epiléptica relaciona-se com a área do cérebro de onde a crise é gerada. As crises epilépticas APRESENTAM-SE de diferentes maneiras: podem ser rápidas ou prolongadas; com ou sem alteração da consciência; com fenômeno motor, sensitivo ou sensorial; únicas ou em salvas; exclusivamente em vigília ou durante o sono.
          </p>
          <br />
          <h5
            className="pergunta"
          >
            O estresse é um fator desencadeador de crises de epilepsia?
          </h5>
          <p
            className="resposta"
          >
            <strong>
               Verdade!
            </strong>
             O estresse é um dos fatores que pode deflagrar uma crise epiléptica..
          </p>
          <br />
          <h5
            className="pergunta"
          >
            Existem medicamentos capazes de controlar totalmente a incidência das crises?
          </h5>
          <p
            className="resposta"
          >
            <strong>
               Verdade!
            </strong>
             Cerca de 70% dos casos de epilepsia são de fácil controle após o uso do medicamento adequado.  Os 30% restantes são classificados como epilepsias refratárias de difícil controle.
          </p>
          <br />
          <h5
            className="pergunta"
          >
            A epilepsia pode acometer todas as idades?
          </h5>
          <p
            className="resposta"
          >
            <strong>
               Verdade!
            </strong>
              A epilepsia acomete desde o período neonatal até o idoso, e pode ter início em qualquer período da vida.
          </p>
          <br />
          <h5
            className="pergunta"
          >
            O paciente com epilepsia não podem dirigir?
          </h5>
          <p
            className="resposta"
          >
            <strong>
               Mito!
            </strong>
              Segundo a Associação Brasileira de Educação de Trânsito, o paciente com epilepsia, que utiliza medicação antiepiléptica, poderá dirigir se estiver há um ano sem crise epiléptica – dado que deve ser apresentado através de um laudo médico. Caso o paciente esteja em retirada da medicação antiepiléptica, ele poderá dirigir se estiver há, no mínimo, dois anos sem crises epilépticas e ficar por mais seis meses sem medicação e sem crise. Já a direção de motos é proibida.
          </p>
          <br />
          <h5
            className="pergunta"
          >
            O paciente com epilepsia pode ter uma vida normal?
          </h5>
          <p
            className="resposta"
          >
            <strong>
               Verdade!
            </strong>
             Pacientes com epilepsia, desde que controlados, podem e devem ser inseridos completamente na sociedade, ou seja, devem trabalhar, estudar, praticar esportes, se divertir.
          </p>
          <br />
        </div>
      </div>
      <div
        className="container"
      >
        <div
          className="row"
        >
          <div
            className="span12"
          >
            <div
              className="solidline"
            />
          </div>
        </div>
      </div>
    </div>
  </section>
  <footer>
    <div
      className="container"
    >
      <div
        className="row"
      >
        <div
          className="span4"
        >
          <div
            className="widget"
          >
            <h3
              className="widgetheading"
            >
              Nossas Páginas
            </h3>
            <ul
              className="link-list"
            >
              <li>
                <a
                  href="/quemsomos"
                  onClick={[Function]}
                >
                  Quem somos
                </a>
              </li>
              <li>
                <a
                  href="/falandosobre"
                  onClick={[Function]}
                >
                  Falando Sobre
                </a>
              </li>
              <li>
                <a
                  href="/socorros"
                  onClick={[Function]}
                >
                  Primeiro Socorros
                </a>
              </li>
            </ul>
          </div>
        </div>
        <div
          className="span4"
        >
          <div
            className="widget"
          >
            <h3
              className="widgetheading"
            >
              Fale conosco
            </h3>
            <p>
              <i
                className="icon-phone"
              />
               (11) 98232-6391 
              <br />
              <i
                className="icon-envelope-alt"
              />
               camilam.oliveiralima@gmail.com
            </p>
          </div>
        </div>
        <div
          className="span4"
        >
          <div
            className="widget"
          >
            <h3
              className="widgetheading"
            >
              Redes Sociais
            </h3>
            <ul
              className="social-network"
            >
              <li>
                <a
                  data-placement="bottom"
                  href="https://www.facebook.com/"
                  title="Facebook"
                >
                  <i
                    className="icon-facebook icon-square"
                  />
                </a>
              </li>
              <li>
                <a
                  data-placement="bottom"
                  href="https://www.linkedin.com/in/camilamlima/"
                  title="Linkedin"
                >
                  <i
                    className="icon-linkedin icon-square"
                  />
                </a>
              </li>
              <span>
                &Camila Lima - Todos os direitos reservados.
              </span>
            </ul>
          </div>
        </div>
      </div>
    </div>
  </footer>
  <button
    className="panico"
    onClick={[Function]}
    type="button"
  >
     Pânico
  </button>
</div>
`;
